// Jest Snapshot v1, https://goo.gl/fbAQLP

exports[`Cell tests: snapshot 1`] = `
<div
  className="cell white"
/>
`;
